../Core/Src/NRF24L01.c:15:6:CS_Select	8	static
../Core/Src/NRF24L01.c:20:6:CS_UnSelect	8	static
../Core/Src/NRF24L01.c:25:6:CE_Enable	8	static
../Core/Src/NRF24L01.c:30:6:CE_Disable	8	static
../Core/Src/NRF24L01.c:35:6:nrf24_writeReg	24	static
../Core/Src/NRF24L01.c:51:6:nrf24_writeRegMulti	32	static
../Core/Src/NRF24L01.c:67:9:nrf24_ReadReg	24	static
../Core/Src/NRF24L01.c:86:6:nrf24_ReadReg_Multi	24	static
../Core/Src/NRF24L01.c:102:6:nrf24SendCmd	16	static
../Core/Src/NRF24L01.c:116:6:NRF24_Init	8	static
../Core/Src/NRF24L01.c:148:6:NRF24_TxMode	24	static
../Core/Src/NRF24L01.c:170:9:NRF24_Transmit	24	static
../Core/Src/NRF24L01.c:203:6:NRF24_RxMode	24	static
../Core/Src/NRF24L01.c:232:9:isDataAvailable	24	static
../Core/Src/NRF24L01.c:246:6:NRF24_Receive	24	static
../Core/Src/NRF24L01.c:270:6:nrf24_reset	40	static
